// Jest Snapshot v1, https://goo.gl/fbAQLP

exports[`getExecutableSchema retuns an executable schema 1`] = `
Object {
  "the": "schema",
}
`;
